../Core/Src/main.c:51:6:Restart_I2C_Receive	8	static
../Core/Src/main.c:56:6:Set_New_Address	16	static
../Core/Src/main.c:79:10:Dim_To_Delay_us	16	static
../Core/Src/main.c:98:5:main	8	static
../Core/Src/main.c:118:6:HAL_I2C_SlaveRxCpltCallback	24	static
../Core/Src/main.c:169:6:HAL_I2C_SlaveTxCpltCallback	16	static
../Core/Src/main.c:179:6:HAL_I2C_ErrorCallback	16	static
../Core/Src/main.c:190:6:HAL_GPIO_EXTI_Callback	16	static
../Core/Src/main.c:215:6:HAL_TIM_PeriodElapsedCallback	16	static
../Core/Src/main.c:265:6:SystemClock_Config	72	static
../Core/Src/main.c:293:13:MX_I2C1_Init	8	static
../Core/Src/main.c:316:13:MX_TIM2_Init	40	static
../Core/Src/main.c:349:13:MX_GPIO_Init	40	static
../Core/Src/main.c:388:6:Error_Handler	4	static,ignoring_inline_asm
